// Jest Snapshot v1, https://goo.gl/fbAQLP

exports[`blockPadding Rule class A {
			constructor() {
				console.log(1);
			}
		} should throw error for line after method 1`] = `
"class A {
			constructor() {

				console.log(1);
			}
		}"
`;

exports[`blockPadding Rule class A {
			public b() {
				console.log(1);
			}
		} should throw error for line after method 1`] = `
"class A {
			public b() {

				console.log(1);
			}
		}"
`;

exports[`blockPadding Rule class A {
			public b() {

				console.log(1);

			}
		} should throw error for line after method 1`] = `
"class A {
			public b() {

				console.log(1);
			}
		}"
`;

exports[`blockPadding Rule done(() => {
		return 'maria';
	}) should throw error for line after method 1`] = `
"done(() => {

		return 'maria';
	})"
`;

exports[`blockPadding Rule done(() => {

			return 'maria';

		}) should throw error for line after method 1`] = `
"done(() => {

			return 'maria';
		})"
`;

exports[`blockPadding Rule for (let i = 0; i < 10; i++) {
		console.log(i);
	} should throw error for line after method 1`] = `
"for (let i = 0; i < 10; i++) {

		console.log(i);
	}"
`;

exports[`blockPadding Rule for (let i = 0; i < 10; i++) {

			console.log(i);

		} should throw error for line after method 1`] = `
"for (let i = 0; i < 10; i++) {

			console.log(i);
		}"
`;

exports[`blockPadding Rule for (let test in testes) {
		console.log(test);
	} should throw error for line after method 1`] = `
"for (let test in testes) {

		console.log(test);
	}"
`;

exports[`blockPadding Rule for (let test in testes) {

			console.log(test);

		} should throw error for line after method 1`] = `
"for (let test in testes) {

			console.log(test);
		}"
`;

exports[`blockPadding Rule for (let test of testes) {
		console.log(test);
	} should throw error for line after method 1`] = `
"for (let test of testes) {

		console.log(test);
	}"
`;

exports[`blockPadding Rule for (let test of testes) {

			console.log(test);

		} should throw error for line after method 1`] = `
"for (let test of testes) {

			console.log(test);
		}"
`;

exports[`blockPadding Rule function maria(){
		console.log('true');
	} should throw error for line after method 1`] = `
"function maria(){

		console.log('true');
	}"
`;

exports[`blockPadding Rule function maria(){

			console.log('true');

		} should throw error for line after method 1`] = `
"function maria(){

			console.log('true');
		}"
`;

exports[`blockPadding Rule if (true) {
			console.log(true);
		} should throw error for line after method 1`] = `
"if (true) {

			console.log(true);
		}"
`;

exports[`blockPadding Rule if (true) {
		console.log(true);
	} else {
		console.log(false)
	} should throw error for line after method 1`] = `
"if (true) {

		console.log(true);
	} else {

		console.log(false)
	}"
`;

exports[`blockPadding Rule if (true) {
		console.log(true);
	} else if (false) {
		console.log(false)
	} should throw error for line after method 1`] = `
"if (true) {

		console.log(true);
	} else if (false) {

		console.log(false)
	}"
`;

exports[`blockPadding Rule if (true) {

			console.log(true);
		} else {

			console.log(false)

		} should throw error for line after method 1`] = `
"if (true) {

			console.log(true);
		} else {

			console.log(false)
		}"
`;

exports[`blockPadding Rule if (true) {

			console.log(true);

			joao();


		} should throw error for line after method 1`] = `
"if (true) {

			console.log(true);

			joao();
		}"
`;

exports[`blockPadding Rule if (true) {

			console.log(true);

		} else {

			console.log(false)

		} should throw error for line after method 1`] = `
"if (true) {

			console.log(true);
		} else {

			console.log(false)
		}"
`;

exports[`blockPadding Rule if (true) {

			console.log(true);

		} else if (false) {

			console.log(false)

		} should throw error for line after method 1`] = `
"if (true) {

			console.log(true);
		} else if (false) {

			console.log(false)
		}"
`;

exports[`blockPadding Rule if (true) {

		console.log(true);
	} else {
		console.log(false)
	} should throw error for line after method 1`] = `
"if (true) {

		console.log(true);
	} else {

		console.log(false)
	}"
`;

exports[`blockPadding Rule it('jj', () => {
			expect(result.errorCount).toBe(1);
	}); should throw error for line after method 1`] = `
"it('jj', () => {

			expect(result.errorCount).toBe(1);
	});"
`;

exports[`blockPadding Rule it('jj', () => {

			expect(result.errorCount).toBe(1);

		}); should throw error for line after method 1`] = `
"it('jj', () => {

			expect(result.errorCount).toBe(1);
		});"
`;

exports[`blockPadding Rule try {
		console.log(0/0);
	} catch(e){
		console.log(0)
	} should throw error for line after method 1`] = `
"try {

		console.log(0/0);
	} catch(e){

		console.log(0)
	}"
`;

exports[`blockPadding Rule try {

			console.log(0/0);

		} catch(e){

			console.log(0)

		} should throw error for line after method 1`] = `
"try {

			console.log(0/0);
		} catch(e){

			console.log(0)
		}"
`;
