// Jest Snapshot v1, https://goo.gl/fbAQLP

exports[`Constructor class Maria {
			@Otro()
			constructor(private jj: JJ) {}
		} 1`] = `
"class Maria {

			@Otro()
			constructor(private jj: JJ) {}
		}"
`;

exports[`Constructor class Maria {
			constructor(private jj: JJ) {}
		} 1`] = `
"class Maria {

			constructor(private jj: JJ) {}
		}"
`;

exports[`Constructor class Maria {
			public maria = true;
			@Otro()
			constructor(private jj: JJ) {}
		} 1`] = `
"class Maria {
			public maria = true;

			@Otro()
			constructor(private jj: JJ) {}
		}"
`;

exports[`Constructor class Maria {
			public maria = true;
			constructor(private jj: JJ) {}
		} 1`] = `
"class Maria {
			public maria = true;

			constructor(private jj: JJ) {}
		}"
`;
