// Jest Snapshot v1, https://goo.gl/fbAQLP

exports[`LastLineRule console.log(js);
		for(let j =0;j<10;j++) {
			console.log(j);
		} 1`] = `
Array [
  Array [
    "

		for(let j =0;j<10;j++) {
			console.log(j);
		}",
  ],
]
`;

exports[`LastLineRule console.log(js);
		for(let j in jss) {
			console.log(j);
		} 1`] = `
Array [
  Array [
    "

		for(let j in jss) {
			console.log(j);
		}",
  ],
]
`;

exports[`LastLineRule console.log(js);
		for(let j of jss) {
			console.log(j);
		}
		for(let j =0;j<10;j++) {
			console.log(j);
		}
		for(let j of jss) {
			console.log(j);
		} 1`] = `
Array [
  Array [
    "

		for(let j of jss) {
			console.log(j);
		}",
  ],
  Array [
    "

		for(let j =0;j<10;j++) {
			console.log(j);
		}",
  ],
  Array [
    "

		for(let j of jss) {
			console.log(j);
		}",
  ],
]
`;

exports[`LastLineRule console.log(js);
		for(let j of jss) {
			console.log(j);
		} 1`] = `
Array [
  Array [
    "

		for(let j of jss) {
			console.log(j);
		}",
  ],
]
`;
